// Jest Snapshot v1, https://goo.gl/fbAQLP

exports[`AutoSuggest Should match the snapshot 1`] = `
<styled.div>
  <styled.ul>
    <styled.li
      key="0"
    >
      Premium Komfortmatratze Smood
    </styled.li>
    <styled.li
      key="1"
    >
      Premium Komfortmatratze Smood
    </styled.li>
  </styled.ul>
</styled.div>
`;
